main.c:1082:13:SPI5_Write	16	static
main.c:163:6:delay	0	static
main.c:168:6:HAL_TIM_IC_CaptureCallback	16	static
main.c:204:6:HCSR04_Read	8	static
main.c:212:6:whistle	8	static
main.c:1194:13:TouchGFX_Task	16	static
main.c:309:6:countCrossing	8	static
main.c:1217:6:startTaskSonic	8	static
main.c:420:6:SystemClock_Config	152	static
main.c:334:5:main	120	static
main.c:926:6:IOE_Init	0	static
main.c:935:6:IOE_ITConfig	0	static
main.c:947:6:IOE_Write	32	static
main.c:958:9:IOE_Read	32	static
main.c:971:10:IOE_ReadMultiple	24	static
main.c:980:6:IOE_Delay	0	static
main.c:1108:6:LCD_IO_Init	8	static
main.c:1118:6:LCD_IO_WriteData	16	static
main.c:1134:6:LCD_IO_WriteReg	16	static
main.c:1153:10:LCD_IO_ReadData	32	static
main.c:1180:6:LCD_Delay	0	static
main.c:1238:6:HAL_TIM_PeriodElapsedCallback	0	static
main.c:1255:6:Error_Handler	0	static
