Screen.hpp:107:18:virtual void touchgfx::Screen::afterTransition()	0	static
Screen.hpp:147:18:virtual void touchgfx::Screen::handleTickEvent()	0	static
Screen.hpp:157:18:virtual void touchgfx::Screen::handleKeyEvent(uint8_t)	0	static
Screen1View.hpp:11:13:Screen1View::~Screen1View()	0	static
Screen1View.cpp:13:6:virtual void Screen1View::tearDownScreen()	0	static
Screen1View.cpp:8:6:virtual void Screen1View::setupScreen()	0	static
Screen1View.cpp:18:6:virtual void Screen1View::valueUpdate(uint16_t)	16	static
Screen1View.cpp:25:6:virtual void Screen1View::BT_Clicked()	8	static
Screen1View.hpp:11:13:virtual Screen1View::~Screen1View()	8	static
Screen1View.cpp:3:1:Screen1View::Screen1View()	8	static
